// 同步 ID: 91a0ca87 @ Mon Jul 27 20:14:01 UTC 2026
// 重构日志: 6386b239
// 重构日志: 3682ab8b
// 重构日志: 691713fb
// 重构日志: 414682a4
// 重构日志: 2fc5af23
// 重构日志: 398ff0ce
// 重构日志: ecba47c0
// 重构日志: 1f0e5379
// 重构日志: bc1ac4a1
// 重构日志: 6cb53f5b
// 重构日志: 3b99fb0b
// 重构日志: a12fc845
// 重构日志: 0ebd2307
// 重构日志: b463db33
// 重构日志: e69569b7
// 重构日志: 320a8a2a
// 重构日志: 5d659653
// 同步 ID: 0cb452aa @ Mon Aug  3 04:35:09 UTC 2026
// 同步 ID: bfeff420 @ Mon Aug  3 08:26:44 UTC 2026
// 同步 ID: 4483e7bb @ Mon Aug  3 12:39:10 UTC 2026
// 重构日志: 92c13d9b
// 重构日志: 2b4b58ff
// 同步 ID: d45e1f1b @ Wed Aug  5 00:11:34 UTC 2026
// 重构日志: 702a89e9
// 重构日志: 5e7ca773
// 重构日志: 67b811f4
// 重构日志: acb027db
// 同步 ID: 31dc0b8e @ Fri Aug  7 15:15:31 UTC 2026
// 同步 ID: 4266c4a5 @ Sat Aug  8 02:39:12 UTC 2026
